   Log Tail — Session aabbccdd-1111-2222-3333-444444444444 
────────────────────────────────────────────────────────────────────────────────────────────────────────────────────────
  0 entries  follow: ON  thinking: OFF
────────────────────────────────────────────────────────────────────────────────────────────────────────────────────────
  No log entries found

































────────────────────────────────────────────────────────────────────────────────────────────────────────────────────────
   j/k: scroll  G: bottom  g: top  f: follow  t: thinking  esc: back 