   Claude Code Dashboard  test
────────────────────────────────────────────────────────────────────────────────────────────────────────────────────────
  ● 1 active  ◐ 1 idle  ○ 1 dead  Total: $1.92
────────────────────────────────────────────────────────────────────────────────────────────────────────────────────────
  PID     STATUS    TURNS  AGENTS   CPU%   MEM%      COST  UPTIME      IDLE       DIRECTORY                                 LAST ACTION    sort: PID ▼
────────────────────────────────────────────────────────────────────────────────────────────────────────────────────────
  ○ 3003    DEAD          3       —    0.0    0.0         —  15m         —          project-gamma                             review PR
  ◐ 2002    IDLE         12       —    0.0    1.2     $1.50  2h 0m       10m        project-beta                              fix bug in parser
  ● 1001    ACTIVE        5       —   12.3    4.5     $0.42  1h 0m       30s        project-alpha                             implement feature X




























────────────────────────────────────────────────────────────────────────────────────────────────────────────────────────
  3 sessions  |  CPU: 12.3%  MEM: 5.7%  |  1 active  1 idle  1 dead
   j/k: navigate  enter: detail  l: logs  o: jump  d: kill  /: filter  s/S: sort  c: copy cwd  n: notify OFF  q: quit 